============================= test session starts =============================
platform win32 -- Python 3.14.4, pytest-9.0.3, pluggy-1.6.0 -- C:\Users\vivor\mipt\mipt_dc_2026\.venv\Scripts\python.exe
cachedir: .pytest_cache
rootdir: C:\Users\vivor\mipt\mipt_dc_2026\book_catalog
configfile: pytest.ini
testpaths: tests
plugins: anyio-4.13.0, asyncio-1.3.0, cov-7.1.0
asyncio: mode=Mode.AUTO, debug=False, asyncio_default_fixture_loop_scope=None, asyncio_default_test_loop_scope=function
collecting ... collected 20 items

tests/test_api.py::test_create_author PASSED                             [  5%]
tests/test_api.py::test_get_authors PASSED                               [ 10%]
tests/test_api.py::test_get_author_not_found PASSED                      [ 15%]
tests/test_api.py::test_create_book PASSED                               [ 20%]
tests/test_api.py::test_get_books_with_filter PASSED                     [ 25%]
tests/test_api.py::test_update_book PASSED                               [ 30%]
tests/test_api.py::test_delete_book PASSED                               [ 35%]
tests/test_api.py::test_create_review_requires_auth PASSED               [ 40%]
tests/test_api.py::test_create_review_success PASSED                     [ 45%]
tests/test_api.py::test_review_rating_validation PASSED                  [ 50%]
tests/test_api.py::test_recommend_endpoint_success PASSED                [ 55%]
tests/test_api.py::test_recommend_empty_database PASSED                  [ 60%]
tests/test_api.py::test_analytics_stats_endpoint PASSED                  [ 65%]
tests/test_auth.py::test_register_success PASSED                         [ 70%]
tests/test_auth.py::test_register_duplicate_username PASSED              [ 75%]
tests/test_auth.py::test_register_invalid_email PASSED                   [ 80%]
tests/test_auth.py::test_login_success PASSED                            [ 85%]
tests/test_auth.py::test_login_wrong_password PASSED                     [ 90%]
tests/test_auth.py::test_get_me_authenticated PASSED                     [ 95%]
tests/test_auth.py::test_get_me_unauthenticated PASSED                   [100%]

============================== warnings summary ===============================
tests/test_api.py::test_create_review_success
  C:\Users\vivor\mipt\mipt_dc_2026\.venv\Lib\site-packages\passlib\handlers\argon2.py:716: DeprecationWarning: Accessing argon2.__version__ is deprecated and will be removed in a future release. Use importlib.metadata directly to query for argon2-cffi's packaging metadata.
    _argon2_cffi.__version__, max_version)

tests/test_api.py::test_create_review_success
tests/test_api.py::test_review_rating_validation
tests/test_auth.py::test_register_duplicate_username
tests/test_auth.py::test_login_success
tests/test_auth.py::test_login_success
tests/test_auth.py::test_login_wrong_password
tests/test_auth.py::test_get_me_authenticated
  C:\Users\vivor\mipt\mipt_dc_2026\book_catalog\app\auth.py:36: DeprecationWarning: datetime.datetime.utcnow() is deprecated and scheduled for removal in a future version. Use timezone-aware objects to represent datetimes in UTC: datetime.datetime.now(datetime.UTC).
    expire = datetime.utcnow() + (

tests/test_api.py::test_review_rating_validation
tests/test_api.py::test_review_rating_validation
tests/test_auth.py::test_register_invalid_email
  C:\Users\vivor\mipt\mipt_dc_2026\.venv\Lib\site-packages\_pytest\python.py:166: DeprecationWarning: 'HTTP_422_UNPROCESSABLE_ENTITY' is deprecated. Use 'HTTP_422_UNPROCESSABLE_CONTENT' instead.
    result = testfunction(**testargs)

-- Docs: https://docs.pytest.org/en/stable/how-to/capture-warnings.html
=============================== tests coverage ================================
_______________ coverage: platform win32, python 3.14.4-final-0 _______________

Name                       Stmts   Miss  Cover   Missing
--------------------------------------------------------
app\__init__.py                0      0   100%
app\auth.py                   39      4    90%   56, 58-59, 63
app\crud.py                   87     35    60%   25-32, 36-41, 71, 82, 102-105, 109, 116-127, 131-140
app\database.py               16      4    75%   16-20
app\main.py                   17      1    94%   31
app\models.py                 30      0   100%
app\routers\__init__.py        0      0   100%
app\routers\analytics.py      32      0   100%
app\routers\auth.py           29      0   100%
app\routers\authors.py        29      8    72%   33, 40-45, 50-54
app\routers\books.py          29      3    90%   32, 39, 48
app\routers\reviews.py        31     12    61%   34, 39-44, 54-62, 71-76
app\schemas.py                31      0   100%
--------------------------------------------------------
TOTAL                        370     67    82%
Coverage HTML written to dir htmlcov
Required test coverage of 70% reached. Total coverage: 81.89%
======================= 20 passed, 11 warnings in 0.90s =======================
